============================= test session starts =============================
platform win32 -- Python 3.12.10, pytest-9.0.2, pluggy-1.6.0
rootdir: C:\Users\dvdze\Documents\_Python\X_Ray
plugins: anyio-4.12.1, hypothesis-6.151.5, asyncio-1.3.0, base-url-2.1.0, cov-7.0.0, mock-3.15.1, playwright-0.7.2, timeout-2.4.0, respx-0.22.0, typeguard-4.4.4
asyncio: mode=Mode.STRICT, debug=False, asyncio_default_fixture_loop_scope=None, asyncio_default_test_loop_scope=function
collected 113 items

tests\test_xray_claude.py .............................................. [ 40%]
.............................................FFFFFF.........F..F...      [100%]

================================== FAILURES ===================================
_____________________ TestJSONReport.test_basic_structure _____________________

self = <tests.test_xray_claude.TestJSONReport object at 0x000001D3D3ECE300>

    def test_basic_structure(self):
        f = _make_func()
        c = _make_class()
>       report = build_json_report(
            Path("."), [f], [c], [], [], [], 1.23
        )
E       TypeError: build_json_report() takes 2 positional arguments but 7 were given

tests\test_xray_claude.py:943: TypeError
______________________ TestJSONReport.test_serializable _______________________

self = <tests.test_xray_claude.TestJSONReport object at 0x000001D3D3ECE6C0>

    def test_serializable(self):
        f = _make_func()
>       report = build_json_report(Path("."), [f], [], [], [], [], 0.5)
                 ^^^^^^^^^^^^^^^^^^^^^^^^^^^^^^^^^^^^^^^^^^^^^^^^^^^^^^
E       TypeError: build_json_report() takes 2 positional arguments but 7 were given

tests\test_xray_claude.py:953: TypeError
_____________________ TestJSONReport.test_includes_smells _____________________

self = <tests.test_xray_claude.TestJSONReport object at 0x000001D3D3ECEA80>

    def test_includes_smells(self):
        f = _make_func(size_lines=130)
        detector = CodeSmellDetector()
        smells = detector.detect([f], [])
>       report = build_json_report(Path("."), [f], [], smells, [], [], 0.1)
                 ^^^^^^^^^^^^^^^^^^^^^^^^^^^^^^^^^^^^^^^^^^^^^^^^^^^^^^^^^^
E       TypeError: build_json_report() takes 2 positional arguments but 7 were given

tests\test_xray_claude.py:964: TypeError
___________________ TestJSONReport.test_includes_duplicates ___________________

self = <tests.test_xray_claude.TestJSONReport object at 0x000001D3D3ECEE40>

    def test_includes_duplicates(self):
        group = DuplicateGroup(
            group_id=0, similarity_type="exact", avg_similarity=1.0,
            functions=[{"key": "a.f", "name": "f", "file": "a.py", "line": 1}],
        )
>       report = build_json_report(Path("."), [], [], [], [group], [], 0.1)
                 ^^^^^^^^^^^^^^^^^^^^^^^^^^^^^^^^^^^^^^^^^^^^^^^^^^^^^^^^^^
E       TypeError: build_json_report() takes 2 positional arguments but 7 were given

tests\test_xray_claude.py:973: TypeError
______________ TestJSONReport.test_includes_library_suggestions _______________

self = <tests.test_xray_claude.TestJSONReport object at 0x000001D3D3ECF200>

    def test_includes_library_suggestions(self):
        sug = LibrarySuggestion(
            module_name="utils", description="test",
            functions=[{"name": "f", "file": "a.py", "line": 1}],
            unified_api="def f():", rationale="reason",
        )
>       report = build_json_report(Path("."), [], [], [], [], [sug], 0.1)
                 ^^^^^^^^^^^^^^^^^^^^^^^^^^^^^^^^^^^^^^^^^^^^^^^^^^^^^^^^
E       TypeError: build_json_report() takes 2 positional arguments but 7 were given

tests\test_xray_claude.py:982: TypeError
______________________ TestFullPipeline.test_end_to_end _______________________

self = <tests.test_xray_claude.TestFullPipeline object at 0x000001D3D3ECF6B0>
tmp_path = WindowsPath('C:/Users/dvdze/AppData/Local/Temp/pytest-of-Geo/pytest-306/test_end_to_end0')

    def test_end_to_end(self, tmp_path):
        """Test the full pipeline on a mini project."""
        # Create a small project with deliberate smells and duplicates
        (tmp_path / "module_a.py").write_text(textwrap.dedent("""\
        def process_data(data):
            result = []
            for item in data:
                cleaned = item.strip()
                if cleaned:
                    result.append(cleaned.lower())
            return result
    
        def big_function(x, y, z, a, b, c, d, e):
            \"\"\"Too many params.\"\"\"
            if x > 0:
                for i in range(y):
                    if i > z:
                        for j in range(a):
                            if j > b:
                                pass
            return None
        """))
        (tmp_path / "module_b.py").write_text(textwrap.dedent("""\
        def process_text(text):
            result = []
            for item in text:
                cleaned = item.strip()
                if cleaned:
                    result.append(cleaned.upper())
            return result
    
        class HugeClass:
            def m1(self): pass
            def m2(self): pass
            def m3(self): pass
            def m4(self): pass
            def m5(self): pass
            def m6(self): pass
            def m7(self): pass
            def m8(self): pass
            def m9(self): pass
            def m10(self): pass
            def m11(self): pass
            def m12(self): pass
            def m13(self): pass
            def m14(self): pass
            def m15(self): pass
            def m16(self): pass
        """))
    
        # Scan
        functions, classes, errors = scan_codebase(tmp_path)
        assert len(functions) >= 2  # at least process_data, big_function, process_text
        assert len(classes) >= 1
    
        # Smells
        detector = CodeSmellDetector()
        smells = detector.detect(functions, classes)
        categories = {s.category for s in smells}
        # big_function should trigger: too-many-params, deep-nesting
        assert "too-many-params" in categories or "deep-nesting" in categories
        # HugeClass should trigger god-class
        assert "god-class" in categories
    
        # Duplicates
        finder = DuplicateFinder()
        groups = finder.find(functions)
        # process_data and process_text should be near-duplicates
        # (They're quite similar)
        assert len(groups) >= 0  # may or may not detect depending on thresholds
    
        # Library suggestions
        advisor = LibraryAdvisor()
        lib_sug = advisor.analyze(groups, functions)
    
        # JSON report
>       report = build_json_report(
            tmp_path, functions, classes, smells, groups, lib_sug, 0.5
        )
E       TypeError: build_json_report() takes 2 positional arguments but 7 were given

tests\test_xray_claude.py:1067: TypeError
_______________ TestEdgeCases.test_advisor_boilerplate_excluded _______________

self = <tests.test_xray_claude.TestEdgeCases object at 0x000001D3D3EE0110>

    def test_advisor_boilerplate_excluded(self):
        """Library advisor should not suggest __init__, __repr__, etc."""
        f1 = _make_func(name="__repr__", file_path="a.py")
        f2 = _make_func(name="__repr__", file_path="b.py")
        advisor = LibraryAdvisor()
        # DuplicateFinder would skip these, but test advisor's name-based analysis
        suggestions = advisor.analyze([], [f1, f2])
        # __repr__ should not be suggested for library extraction
>       assert len(suggestions) == 0
E       assert 1 == 0
E        +  where 1 = len([LibrarySuggestion(module_name='shared_utils', description="Function '__repr__' reimplemented in 2 files", functions=[...ed_api='__repr__()', rationale='Identical name across: a.py, b.py. Consider extracting to a shared utilities module.')])

tests\test_xray_claude.py:1149: AssertionError
________________ TestLLMHelper.test_not_available_without_core ________________

self = <tests.test_xray_claude.TestLLMHelper object at 0x000001D3D3EE0D70>
tmp_path = WindowsPath('C:/Users/dvdze/AppData/Local/Temp/pytest-of-Geo/pytest-306/test_not_available_without_cor0')

    def test_not_available_without_core(self, tmp_path):
        """LLMHelper should report not available if Core not found."""
        from x_ray_claude import LLMHelper
        helper = LLMHelper(tmp_path)  # tmp_path has no Core/
        # Force re-check
        helper._available = None
        # It may or may not be available depending on sys.path
        # but we can at least verify it doesn't crash
>       _ = helper.available
            ^^^^^^^^^^^^^^^^
E       AttributeError: 'LLMHelper' object has no attribute 'available'. Did you mean: '_available'?

tests\test_xray_claude.py:1194: AttributeError
=========================== short test summary info ===========================
FAILED tests/test_xray_claude.py::TestJSONReport::test_basic_structure - Type...
FAILED tests/test_xray_claude.py::TestJSONReport::test_serializable - TypeErr...
FAILED tests/test_xray_claude.py::TestJSONReport::test_includes_smells - Type...
FAILED tests/test_xray_claude.py::TestJSONReport::test_includes_duplicates - ...
FAILED tests/test_xray_claude.py::TestJSONReport::test_includes_library_suggestions
FAILED tests/test_xray_claude.py::TestFullPipeline::test_end_to_end - TypeErr...
FAILED tests/test_xray_claude.py::TestEdgeCases::test_advisor_boilerplate_excluded
FAILED tests/test_xray_claude.py::TestLLMHelper::test_not_available_without_core
======================== 8 failed, 105 passed in 0.74s ========================
